    1  clear
    2  cd /c/Users/aless/Downloads/bashcrawl-stable-2024.02.09/bashcrawl-stable-2024.02.09/entrance
    3  cat scroll
    4  ls
    5  cd cellar
    6  ls
    7  ./treasure*
    8  export I=amulet,$I
    9  echo $I
   10  ls
   11  ./treasure*
   12  cd armoury
   13  ls
   14  ./potion*
   15  export HP=15
   16  echo $HP
   17  ls
   18  cd chamber
   19  ls
   20  ./spell*
   21  ln -fs ../../../chapel/courtyard/aviary/hall portal
   22  ls
   23  cd portal
   24  ls
   25  ./monster*
   26  cd library
   27  ls
   28  ./tome*
   29  alias ls='ls -F --color=auto'
   30  ls
   31  ./tome*
   32  ls
   33  pwd
   34  cd ..
   35  pws
   36  pwd
   37  ls
   38  export I=sword,$I
   39  echo $I
   40  ./monster*
   41  history
   42  echo $HP
   43  ls
   44  ./treasure*
   45  export I=crown, $I
   46  $ export I=crown,$I
   47  export I=crown,$I
   48  echo $I
   49  ./carcass*
   50  ls
   51  ./treasure*
   52  pwd
   53  cd ..
   54  ls
   55  ./statue*
   56  echo $HP
   57  export I=sword,$I
   58  echo $I
   59  ls
   60  ./statue*
   61  let "Hp=HP-5"
   62  echo $HP
   63  ls
   64  ./pieces*
   65  ls
   66  pwd
   67  cd ..
   68  ls
   69  ./treasure*
   70  cd ..
   71  ls
   72  cd ..
   73  ls
   74  cd vault
   75  ls
   76  ./glass*
   77  ./glass*
   78  export I=ice crystal,$I
   79  echo $I
   80  ls
   81  ./glass*
   82  ls
   83  cd stronghold
   84  ls
   85  ./goblet*
   86  cp orb1 orb2
   87  orb1 orb3
   88  ls
   89  cp orb2 orb3
   90  ls
   91  cd nursery
   92  ls
   93  ./spell*
   94  pwd
   95  cd ....
   96  pws
   97  pwd
   98  cd ...
   99  pwd
  100  cd ..
  101  cd ..
  102  pwd
  103  cd ..
  104  pwd
  105  find . -name "potion"
  106  cp potion nursery
  107  ls
  108  cd chapel
  109  ls
  110  ./altar*
  111  ls
  112  ./altar*
  113  export I=trinket,$I
  114  echo $I
  115  ls
  116  cd courtyard
  117  ls
  118  ./rags*
  119  export I=rags,fish,$I
  120  echo $I
  121  ls
  122  ./fountain*
  123  Hp=Hp-2
  124  echo $HP
  125  ls
  126  cd aviary
  127  ls
  128  ./crystal*
  129  I=crystal,$I
  130  echo $I
  131  ls
  132  ./penguin*
  133  export I=$(sed "s/fish//; s/,,/,/" <<< $I)
  134  echo $I
  135  ls
  136  cd hall
  137  ls
  138  ./monster*
  139  export I=sword,$I
  140  ls
  141  ./monster*
  142  ls
  143  ./treasure*
  144  pwd
  145  cd library
  146  ls
  147  pwd
  148  cd ..
  149  cd ..
  150  cd ..
  151  pwd
  152  ls
  153  cd ..
  154  ös
  155  ls
  156  cd ..
  157  ls
  158  cd cellar
  159  ls
  160  ./treasure*
  161  pwd
  162  cd ..
  163  ls
  164  history
  165  pwd
  166  cd ..
  167  pwd
  168  cd entrance
  169  pwd
  170  history >> bashcrawl.log
